==============================================================================
CHAKRAVAT T1 - detection and centre-fixing  [cuda]  sources gridsat  augmentation flip
==============================================================================

rendering 712 insat scenes to cache ...
    cached 100/712 scenes
    cached 200/712 scenes
    cached 300/712 scenes
    cached 400/712 scenes
    cached 500/712 scenes
    cached 600/712 scenes
    cached 700/712 scenes
Warning: You are sending unauthenticated requests to the HF Hub. Please set a HF_TOKEN to enable higher rate limits and faster downloads.
    cached 712 scenes -> basin_scenes_insat.npy (372 MB)
  gridsat  train    921 scenes  seasons [np.int64(2005), np.int64(2006), np.int64(2007), np.int64(2008), np.int64(2009), np.int64(2010), np.int64(2011), np.int64(2012), np.int64(2013), np.int64(2014), np.int64(2015), np.int64(2016), np.int64(2017), np.int64(2018)]
  gridsat  val      158 scenes  seasons [np.int64(2019), np.int64(2020)]
  gridsat  test     354 scenes  seasons [np.int64(2021), np.int64(2022), np.int64(2023), np.int64(2024), np.int64(2025)]
  insat    train    290 scenes  seasons [np.int64(2014), np.int64(2015), np.int64(2016), np.int64(2017), np.int64(2018)]
  insat    val      108 scenes  seasons [np.int64(2019), np.int64(2020)]
  insat    test     314 scenes  seasons [np.int64(2021), np.int64(2022), np.int64(2023), np.int64(2024), np.int64(2025)]

served detector at its tuned threshold 0.25
  gridsat  all systems F1 0.586 (P 0.640 R 0.540) median fix 74 km  |  34 kt+ F1 0.700 R 0.759 median fix 71 km  |  scenes 354
  insat    all systems F1 0.365 (P 0.353 R 0.377) median fix 104 km  |  34 kt+ F1 0.408 R 0.478 median fix 110 km  |  scenes 314
Wrote C:\Users\Rishi Pathak\workspace\Projects\Chakravat-cycldtc\reports\t1_detection_by_sensor.json
