Warning: You are sending unauthenticated requests to the HF Hub. Please set a HF_TOKEN to enable higher rate limits and faster downloads.
==============================================================================
CHAKRAVAT T1 - detection and centre-fixing  [cuda]  sources joint  augmentation flip
==============================================================================
  gridsat  train    921 scenes  seasons [np.int64(2005), np.int64(2006), np.int64(2007), np.int64(2008), np.int64(2009), np.int64(2010), np.int64(2011), np.int64(2012), np.int64(2013), np.int64(2014), np.int64(2015), np.int64(2016), np.int64(2017), np.int64(2018)]
  gridsat  val      158 scenes  seasons [np.int64(2019), np.int64(2020)]
  gridsat  test     354 scenes  seasons [np.int64(2021), np.int64(2022), np.int64(2023), np.int64(2024), np.int64(2025)]
  insat    train    290 scenes  seasons [np.int64(2014), np.int64(2015), np.int64(2016), np.int64(2017), np.int64(2018)]
  insat    val      108 scenes  seasons [np.int64(2019), np.int64(2020)]
  insat    test     314 scenes  seasons [np.int64(2021), np.int64(2022), np.int64(2023), np.int64(2024), np.int64(2025)]
  training scenes 1,211   validation scenes 266

parameters: 11,410,945
training ...
  epoch  1  train  1.844  val  1.865  (22s)  *
  epoch  2  train  1.407  val  1.513  (19s)  *
  epoch  3  train  1.244  val  1.533  (26s)
  epoch  4  train  1.102  val  1.367  (19s)  *
  epoch  5  train  1.015  val  1.378  (23s)
  epoch  6  train  0.974  val  1.317  (24s)  *
  epoch  7  train  0.920  val  1.375  (19s)
  epoch  8  train  0.851  val  1.457  (19s)
  epoch  9  train  0.803  val  1.314  (19s)  *
  epoch 10  train  0.772  val  1.347  (23s)
  epoch 11  train  0.718  val  1.245  (24s)  *
  epoch 12  train  0.695  val  1.432  (19s)
  epoch 13  train  0.661  val  1.335  (19s)
  epoch 14  train  0.630  val  1.191  (19s)  *
  epoch 15  train  0.592  val  1.171  (23s)  *
  epoch 16  train  0.577  val  1.292  (19s)
  epoch 17  train  0.531  val  1.326  (19s)
  epoch 18  train  0.508  val  1.449  (24s)
  epoch 19  train  0.476  val  1.248  (19s)
  epoch 20  train  0.470  val  1.384  (19s)
  epoch 21  train  0.441  val  1.266  (24s)
  epoch 22  train  0.423  val  1.207  (19s)
  epoch 23  train  0.404  val  1.315  (19s)
  epoch 24  train  0.399  val  1.305  (24s)
  epoch 25  train  0.371  val  1.362  (28s)
  early stop at epoch 25

tuning the peak threshold on validation ...
    threshold 0.10  F1 0.523  P 0.433  R 0.661
    threshold 0.15  F1 0.591  P 0.548  R 0.641
    threshold 0.20  F1 0.615  P 0.622  R 0.609
    threshold 0.25  F1 0.614  P 0.660  R 0.575
    threshold 0.30  F1 0.592  P 0.682  R 0.523
    threshold 0.40  F1 0.587  P 0.756  R 0.480
    threshold 0.50  F1 0.523  P 0.856  R 0.376
  chosen: 0.20

evaluating on held-out seasons ...
  gridsat  all systems F1 0.572 (P 0.584 R 0.560) median fix 80 km  |  34 kt+ F1 0.701 R 0.747 median fix 75 km  |  scenes 354
  insat    all systems F1 0.507 (P 0.465 R 0.558) median fix 97 km  |  34 kt+ F1 0.545 R 0.627 median fix 105 km  |  scenes 314

==============================================================================
T1 RESULTS - held-out seasons, GridSat
==============================================================================
  scenes 354   storm fixes 389

  coldest-pixel baseline   F1 0.123   median fix 98 km
  chakravat heatmap        F1 0.572   median fix 80 km
    precision 0.584  recall 0.560  mean fix 81 km  (threshold 0.20)

  recall by IMD intensity - detection is not equally hard across these
    D <28      n= 218  recall 0.427  #########
    DD 28-33   n=  88  recall 0.716  ##############
    CS 34-47   n=  49  recall 0.735  ###############
    SCS+ 48+   n=  34  recall 0.765  ###############

  scored on Cyclonic Storm and above (34 kt+), which IMD names
    n=83  F1 0.701  precision 0.660  recall 0.747  median fix 75 km

  targets: F1 >= 0.90, centre-fix <= 40 km

Saved C:\Users\Rishi Pathak\workspace\Projects\Chakravat-cycldtc\artifacts\detector_joint.pt
Wrote C:\Users\Rishi Pathak\workspace\Projects\Chakravat-cycldtc\reports\candidates\t1_detection_joint.json
