T2 sensors  mode=gridsat  gridsat 974  insat 505  classes ['EYE', 'CRVBND', 'SHEAR', 'EMBC', 'IRRCDO']

fold 0  train 563  val 187  test 322
  epoch  1  train 1.744  val macro-F1 0.215  (53s)  *
  epoch  2  train 1.482  val macro-F1 0.353  (4s)  *
  epoch  3  train 1.159  val macro-F1 0.520  (4s)  *
  epoch  4  train 1.026  val macro-F1 0.548  (4s)  *
  epoch  5  train 0.927  val macro-F1 0.571  (4s)  *
  epoch 10  train 0.625  val macro-F1 0.559  (4s)
  epoch 12  train 0.542  val macro-F1 0.590  (4s)  *
  epoch 14  train 0.465  val macro-F1 0.637  (4s)  *
  epoch 15  train 0.407  val macro-F1 0.581  (4s)
  epoch 20  train 0.316  val macro-F1 0.571  (4s)
  early stop at epoch 22
  fold 0 done (149s)

fold 1  train 543  val 244  test 299
  epoch  1  train 1.742  val macro-F1 0.046  (28s)  *
  epoch  2  train 1.672  val macro-F1 0.204  (4s)  *
  epoch  3  train 1.566  val macro-F1 0.453  (4s)  *
  epoch  5  train 1.050  val macro-F1 0.556  (4s)  *
  epoch  8  train 0.773  val macro-F1 0.584  (17s)  *
  epoch 10  train 0.699  val macro-F1 0.574  (4s)
  epoch 11  train 0.623  val macro-F1 0.601  (4s)  *
  epoch 12  train 0.577  val macro-F1 0.610  (4s)  *
  epoch 13  train 0.554  val macro-F1 0.629  (4s)  *
  epoch 14  train 0.488  val macro-F1 0.639  (4s)  *
  epoch 15  train 0.424  val macro-F1 0.625  (4s)
  epoch 20  train 0.325  val macro-F1 0.640  (5s)  *
  epoch 25  train 0.291  val macro-F1 0.628  (4s)
  epoch 26  train 0.281  val macro-F1 0.656  (19s)  *
  epoch 30  train 0.280  val macro-F1 0.644  (18s)
  epoch 32  train 0.271  val macro-F1 0.656  (4s)  *
  epoch 34  train 0.269  val macro-F1 0.663  (4s)  *
  epoch 35  train 0.268  val macro-F1 0.656  (4s)
  epoch 40  train 0.268  val macro-F1 0.653  (19s)
  fold 1 done (373s)

fold 2  train 538  val 192  test 365
  epoch  1  train 1.764  val macro-F1 0.269  (21s)  *
  epoch  2  train 1.345  val macro-F1 0.374  (4s)  *
  epoch  3  train 1.158  val macro-F1 0.504  (4s)  *
  epoch  4  train 1.150  val macro-F1 0.575  (4s)  *
  epoch  5  train 0.954  val macro-F1 0.613  (4s)  *
  epoch  8  train 0.727  val macro-F1 0.627  (4s)  *
  epoch 10  train 0.577  val macro-F1 0.645  (4s)  *
  epoch 15  train 0.428  val macro-F1 0.597  (4s)
  epoch 16  train 0.410  val macro-F1 0.656  (4s)  *
  epoch 20  train 0.305  val macro-F1 0.644  (4s)
  early stop at epoch 24
  fold 2 done (122s)

fold 3  train 655  val 127  test 293
  epoch  1  train 1.791  val macro-F1 0.177  (28s)  *
  epoch  2  train 1.469  val macro-F1 0.299  (4s)  *
  epoch  3  train 1.263  val macro-F1 0.482  (4s)  *
  epoch  4  train 1.107  val macro-F1 0.592  (4s)  *
  epoch  5  train 0.960  val macro-F1 0.611  (4s)  *
  epoch  7  train 0.798  val macro-F1 0.695  (4s)  *
  epoch 10  train 0.654  val macro-F1 0.643  (4s)
  epoch 11  train 0.607  val macro-F1 0.719  (8s)  *
  epoch 15  train 0.447  val macro-F1 0.596  (4s)
  early stop at epoch 19
  fold 3 done (141s)

fold 4  train 623  val 224  test 200
  epoch  1  train 1.727  val macro-F1 0.204  (35s)  *
  epoch  2  train 1.394  val macro-F1 0.389  (5s)  *
  epoch  3  train 1.168  val macro-F1 0.444  (4s)  *
  epoch  4  train 1.057  val macro-F1 0.594  (4s)  *
  epoch  5  train 0.961  val macro-F1 0.512  (4s)
  epoch 10  train 0.656  val macro-F1 0.600  (4s)  *
  epoch 11  train 0.599  val macro-F1 0.628  (4s)  *
  epoch 15  train 0.436  val macro-F1 0.550  (4s)
  early stop at epoch 19
  fold 4 done (120s)
  on gridsat  n=598  hybrid macro-F1 0.703 [0.654, 0.745]  cnn 0.626
  on insat    n=505  hybrid macro-F1 0.560 [0.492, 0.615]  cnn 0.552

wrote C:\Users\Rishi Pathak\workspace\Projects\Chakravat-cycldtc\reports\cv\sensors_t2_gridsat_patchnorm.json  (15.2 min)
