T2 sensors  mode=joint  gridsat 974  insat 505  classes ['EYE', 'CRVBND', 'SHEAR', 'EMBC', 'IRRCDO']

fold 0  train 858  val 299  test 322
  epoch  1  train 1.740  val macro-F1 0.432  (74s)  *
  epoch  2  train 1.303  val macro-F1 0.543  (7s)  *
  epoch  5  train 0.951  val macro-F1 0.566  (7s)  *
  epoch  6  train 0.867  val macro-F1 0.586  (7s)  *
  epoch  7  train 0.758  val macro-F1 0.604  (7s)  *
  epoch  9  train 0.639  val macro-F1 0.625  (7s)  *
  epoch 10  train 0.596  val macro-F1 0.585  (7s)
  epoch 12  train 0.518  val macro-F1 0.649  (7s)  *
  epoch 14  train 0.404  val macro-F1 0.681  (7s)  *
  epoch 15  train 0.408  val macro-F1 0.611  (7s)
  epoch 20  train 0.331  val macro-F1 0.689  (7s)  *
  epoch 25  train 0.281  val macro-F1 0.657  (7s)
  early stop at epoch 28
  fold 0 done (273s)

fold 1  train 815  val 365  test 299
  epoch  1  train 2.131  val macro-F1 0.319  (41s)  *
  epoch  2  train 1.282  val macro-F1 0.537  (7s)  *
  epoch  5  train 0.893  val macro-F1 0.481  (7s)
  epoch  6  train 0.769  val macro-F1 0.597  (8s)  *
  epoch  7  train 0.706  val macro-F1 0.653  (8s)  *
  epoch 10  train 0.596  val macro-F1 0.628  (7s)
  epoch 12  train 0.494  val macro-F1 0.654  (7s)  *
  epoch 14  train 0.404  val macro-F1 0.657  (8s)  *
  epoch 15  train 0.407  val macro-F1 0.629  (8s)
  epoch 20  train 0.298  val macro-F1 0.633  (7s)
  early stop at epoch 22
  fold 1 done (195s)

fold 2  train 821  val 293  test 365
  epoch  1  train 1.831  val macro-F1 0.413  (34s)  *
  epoch  2  train 1.216  val macro-F1 0.511  (7s)  *
  epoch  5  train 0.835  val macro-F1 0.595  (7s)  *
  epoch  6  train 0.824  val macro-F1 0.608  (8s)  *
  epoch  9  train 0.607  val macro-F1 0.635  (7s)  *
  epoch 10  train 0.553  val macro-F1 0.595  (8s)
  epoch 15  train 0.405  val macro-F1 0.565  (7s)
  early stop at epoch 17
  fold 2 done (152s)

fold 3  train 986  val 200  test 293
  epoch  1  train 1.712  val macro-F1 0.295  (44s)  *
  epoch  2  train 1.159  val macro-F1 0.453  (8s)  *
  epoch  3  train 1.062  val macro-F1 0.488  (7s)  *
  epoch  4  train 1.038  val macro-F1 0.576  (7s)  *
  epoch  5  train 0.899  val macro-F1 0.621  (7s)  *
  epoch  6  train 0.796  val macro-F1 0.638  (7s)  *
  epoch  7  train 0.753  val macro-F1 0.662  (7s)  *
  epoch  8  train 0.711  val macro-F1 0.721  (7s)  *
  epoch 10  train 0.589  val macro-F1 0.672  (7s)
  epoch 11  train 0.519  val macro-F1 0.722  (7s)  *
  epoch 15  train 0.398  val macro-F1 0.717  (7s)
  early stop at epoch 19
  fold 3 done (173s)

fold 4  train 957  val 322  test 200
  epoch  1  train 1.794  val macro-F1 0.407  (39s)  *
  epoch  2  train 1.205  val macro-F1 0.472  (8s)  *
  epoch  3  train 0.976  val macro-F1 0.682  (7s)  *
  epoch  5  train 0.779  val macro-F1 0.605  (8s)
  epoch  8  train 0.583  val macro-F1 0.684  (8s)  *
  epoch 10  train 0.545  val macro-F1 0.666  (8s)
  epoch 15  train 0.365  val macro-F1 0.659  (8s)
  early stop at epoch 16
  fold 4 done (157s)
  on gridsat  n=598  hybrid macro-F1 0.713 [0.663, 0.754]  cnn 0.648
  on insat    n=505  hybrid macro-F1 0.612 [0.557, 0.66]  cnn 0.585

wrote C:\Users\Rishi Pathak\workspace\Projects\Chakravat-cycldtc\reports\cv\sensors_t2_joint.json  (16.0 min)
