T2 sensors  mode=insat  gridsat 974  insat 505  classes ['EYE', 'CRVBND', 'SHEAR', 'EMBC', 'IRRCDO']

fold 0  train 295  val 112  test 322
  epoch  1  train 1.911  val macro-F1 0.099  (70s)  *
  epoch  3  train 1.590  val macro-F1 0.207  (3s)  *
  epoch  4  train 1.399  val macro-F1 0.386  (3s)  *
  epoch  5  train 1.160  val macro-F1 0.442  (3s)  *
  epoch  6  train 1.083  val macro-F1 0.448  (2s)  *
  epoch  7  train 1.097  val macro-F1 0.512  (2s)  *
  epoch  8  train 1.132  val macro-F1 0.547  (3s)  *
  epoch  9  train 0.888  val macro-F1 0.613  (3s)  *
  epoch 10  train 0.831  val macro-F1 0.484  (2s)
  epoch 11  train 0.764  val macro-F1 0.618  (3s)  *
  epoch 15  train 0.543  val macro-F1 0.618  (2s)  *
  epoch 16  train 0.492  val macro-F1 0.632  (3s)  *
  epoch 20  train 0.401  val macro-F1 0.526  (3s)
  early stop at epoch 24
  fold 0 done (150s)

fold 1  train 272  val 121  test 299
  epoch  1  train 1.811  val macro-F1 0.072  (38s)  *
  epoch  2  train 2.085  val macro-F1 0.200  (3s)  *
  epoch  3  train 1.511  val macro-F1 0.287  (2s)  *
  epoch  4  train 1.321  val macro-F1 0.324  (2s)  *
  epoch  5  train 1.304  val macro-F1 0.420  (2s)  *
  epoch  7  train 1.131  val macro-F1 0.483  (2s)  *
  epoch  9  train 0.919  val macro-F1 0.484  (2s)  *
  epoch 10  train 0.821  val macro-F1 0.496  (2s)  *
  epoch 11  train 0.809  val macro-F1 0.524  (2s)  *
  epoch 15  train 0.576  val macro-F1 0.528  (2s)  *
  epoch 17  train 0.464  val macro-F1 0.545  (2s)  *
  epoch 20  train 0.361  val macro-F1 0.516  (2s)
  epoch 23  train 0.326  val macro-F1 0.551  (2s)  *
  epoch 25  train 0.300  val macro-F1 0.482  (2s)
  epoch 30  train 0.270  val macro-F1 0.514  (2s)
  early stop at epoch 31
  fold 1 done (118s)

fold 2  train 283  val 101  test 365
  epoch  1  train 1.855  val macro-F1 0.190  (38s)  *
  epoch  3  train 1.500  val macro-F1 0.192  (2s)  *
  epoch  4  train 1.320  val macro-F1 0.263  (2s)  *
  epoch  5  train 1.067  val macro-F1 0.434  (2s)  *
  epoch  8  train 0.884  val macro-F1 0.495  (2s)  *
  epoch 10  train 0.742  val macro-F1 0.487  (2s)
  epoch 11  train 0.674  val macro-F1 0.529  (2s)  *
  epoch 13  train 0.566  val macro-F1 0.530  (2s)  *
  epoch 14  train 0.543  val macro-F1 0.554  (2s)  *
  epoch 15  train 0.434  val macro-F1 0.523  (2s)
  epoch 20  train 0.342  val macro-F1 0.463  (2s)
  early stop at epoch 22
  fold 2 done (96s)

fold 3  train 331  val 73  test 293
  epoch  1  train 1.996  val macro-F1 0.060  (3s)  *
  epoch  2  train 1.652  val macro-F1 0.261  (2s)  *
  epoch  3  train 1.226  val macro-F1 0.408  (2s)  *
  epoch  4  train 1.168  val macro-F1 0.550  (2s)  *
  epoch  5  train 1.029  val macro-F1 0.440  (2s)
  epoch  8  train 0.861  val macro-F1 0.610  (3s)  *
  epoch 10  train 0.807  val macro-F1 0.451  (2s)
  epoch 15  train 0.584  val macro-F1 0.530  (3s)
  early stop at epoch 16
  fold 3 done (45s)

fold 4  train 334  val 98  test 200
  epoch  1  train 2.043  val macro-F1 0.089  (43s)  *
  epoch  2  train 1.964  val macro-F1 0.289  (4s)  *
  epoch  3  train 1.346  val macro-F1 0.374  (3s)  *
  epoch  4  train 1.267  val macro-F1 0.435  (3s)  *
  epoch  5  train 1.088  val macro-F1 0.533  (3s)  *
  epoch  6  train 1.014  val macro-F1 0.536  (3s)  *
  epoch  9  train 0.744  val macro-F1 0.572  (3s)  *
  epoch 10  train 0.739  val macro-F1 0.492  (3s)
  epoch 12  train 0.671  val macro-F1 0.583  (3s)  *
  epoch 13  train 0.624  val macro-F1 0.593  (3s)  *
  epoch 15  train 0.525  val macro-F1 0.556  (3s)
  epoch 19  train 0.430  val macro-F1 0.605  (3s)  *
  epoch 20  train 0.362  val macro-F1 0.478  (3s)
  epoch 25  train 0.305  val macro-F1 0.498  (3s)
  early stop at epoch 27
  fold 4 done (132s)
  on gridsat  n=598  hybrid macro-F1 0.581 [0.528, 0.621]  cnn 0.556
  on insat    n=505  hybrid macro-F1 0.584 [0.521, 0.631]  cnn 0.559

wrote C:\Users\Rishi Pathak\workspace\Projects\Chakravat-cycldtc\reports\cv\sensors_t2_insat.json  (9.2 min)
