T2 CV  aug=reflect  patches=974  storms=114  classes=['EYE', 'CRVBND', 'SHEAR', 'EMBC', 'IRRCDO']

fold 0  train 563  val 187  test 224
  epoch  1  train 1.879  val macro-F1 0.110  (72s)  *
  epoch  2  train 1.568  val macro-F1 0.306  (5s)  *
  epoch  3  train 1.312  val macro-F1 0.462  (4s)  *
  epoch  4  train 1.027  val macro-F1 0.533  (4s)  *
  epoch  5  train 0.905  val macro-F1 0.571  (4s)  *
  epoch  6  train 0.819  val macro-F1 0.606  (4s)  *
  epoch  9  train 0.752  val macro-F1 0.649  (5s)  *
  epoch 10  train 0.629  val macro-F1 0.631  (4s)
  epoch 12  train 0.564  val macro-F1 0.665  (4s)  *
  epoch 15  train 0.426  val macro-F1 0.641  (4s)
  epoch 18  train 0.386  val macro-F1 0.684  (4s)  *
  epoch 19  train 0.346  val macro-F1 0.720  (4s)  *
  epoch 20  train 0.317  val macro-F1 0.676  (4s)
  epoch 25  train 0.281  val macro-F1 0.678  (4s)
  early stop at epoch 27
  fold 0 test macro-F1 0.683  (204s)

fold 1  train 543  val 244  test 187
  epoch  1  train 1.881  val macro-F1 0.141  (38s)  *
  epoch  2  train 1.466  val macro-F1 0.329  (5s)  *
  epoch  3  train 1.168  val macro-F1 0.517  (4s)  *
  epoch  5  train 0.915  val macro-F1 0.577  (4s)  *
  epoch  8  train 0.801  val macro-F1 0.593  (4s)  *
  epoch  9  train 0.707  val macro-F1 0.613  (4s)  *
  epoch 10  train 0.718  val macro-F1 0.579  (4s)
  epoch 11  train 0.627  val macro-F1 0.615  (4s)  *
  epoch 12  train 0.569  val macro-F1 0.633  (4s)  *
  epoch 13  train 0.524  val macro-F1 0.640  (4s)  *
  epoch 15  train 0.462  val macro-F1 0.656  (4s)  *
  epoch 17  train 0.398  val macro-F1 0.669  (4s)  *
  epoch 19  train 0.360  val macro-F1 0.677  (4s)  *
  epoch 20  train 0.351  val macro-F1 0.667  (5s)
  epoch 25  train 0.308  val macro-F1 0.657  (4s)
  epoch 27  train 0.305  val macro-F1 0.684  (5s)  *
  epoch 30  train 0.269  val macro-F1 0.660  (4s)
  epoch 33  train 0.270  val macro-F1 0.686  (4s)  *
  epoch 35  train 0.264  val macro-F1 0.679  (4s)
  epoch 40  train 0.262  val macro-F1 0.676  (4s)
  fold 1 test macro-F1 0.659  (213s)

fold 2  train 538  val 192  test 244
  epoch  1  train 1.901  val macro-F1 0.317  (34s)  *
  epoch  3  train 1.095  val macro-F1 0.484  (4s)  *
  epoch  5  train 0.992  val macro-F1 0.576  (4s)  *
  epoch  7  train 0.880  val macro-F1 0.584  (4s)  *
  epoch  8  train 0.759  val macro-F1 0.641  (4s)  *
  epoch 10  train 0.648  val macro-F1 0.631  (4s)
  epoch 11  train 0.636  val macro-F1 0.648  (4s)  *
  epoch 15  train 0.466  val macro-F1 0.643  (4s)
  epoch 19  train 0.336  val macro-F1 0.677  (5s)  *
  epoch 20  train 0.328  val macro-F1 0.632  (7s)
  epoch 25  train 0.300  val macro-F1 0.669  (8s)
  early stop at epoch 27
  fold 2 test macro-F1 0.572  (177s)

fold 3  train 655  val 127  test 192
  epoch  1  train 1.871  val macro-F1 0.208  (50s)  *
  epoch  2  train 1.300  val macro-F1 0.481  (9s)  *
  epoch  4  train 1.100  val macro-F1 0.598  (7s)  *
  epoch  5  train 0.987  val macro-F1 0.632  (5s)  *
  epoch  9  train 0.755  val macro-F1 0.647  (5s)  *
  epoch 10  train 0.685  val macro-F1 0.634  (5s)
  epoch 11  train 0.668  val macro-F1 0.686  (5s)  *
  epoch 13  train 0.655  val macro-F1 0.711  (5s)  *
  epoch 15  train 0.503  val macro-F1 0.701  (5s)
  epoch 20  train 0.381  val macro-F1 0.734  (5s)  *
  epoch 25  train 0.353  val macro-F1 0.735  (5s)  *
  epoch 29  train 0.275  val macro-F1 0.749  (5s)  *
  epoch 30  train 0.271  val macro-F1 0.742  (5s)
  epoch 35  train 0.267  val macro-F1 0.714  (5s)
  early stop at epoch 37
  fold 3 test macro-F1 0.699  (233s)

fold 4  train 623  val 224  test 127
  epoch  1  train 1.885  val macro-F1 0.248  (35s)  *
  epoch  2  train 1.353  val macro-F1 0.531  (5s)  *
  epoch  4  train 1.064  val macro-F1 0.561  (5s)  *
  epoch  5  train 1.002  val macro-F1 0.498  (5s)
  epoch  7  train 0.928  val macro-F1 0.569  (5s)  *
  epoch  8  train 0.844  val macro-F1 0.580  (5s)  *
  epoch  9  train 0.786  val macro-F1 0.648  (5s)  *
  epoch 10  train 0.792  val macro-F1 0.579  (5s)
  epoch 11  train 0.681  val macro-F1 0.682  (5s)  *
  epoch 15  train 0.586  val macro-F1 0.690  (5s)  *
  epoch 16  train 0.556  val macro-F1 0.720  (5s)  *
  epoch 20  train 0.423  val macro-F1 0.655  (5s)
  early stop at epoch 24
  fold 4 test macro-F1 0.724  (148s)

wrote C:\Users\Rishi Pathak\workspace\Projects\Chakravat-cycldtc\reports\cv\t2_reflect.json  (16.4 min)
