T2 CV  aug=rotate  patches=974  storms=114  classes=['EYE', 'CRVBND', 'SHEAR', 'EMBC', 'IRRCDO']

fold 0  train 563  val 187  test 224
  epoch  1  train 1.788  val macro-F1 0.292  (75s)  *
  epoch  2  train 1.399  val macro-F1 0.381  (5s)  *
  epoch  3  train 1.190  val macro-F1 0.439  (4s)  *
  epoch  4  train 1.009  val macro-F1 0.473  (5s)  *
  epoch  5  train 0.938  val macro-F1 0.577  (4s)  *
  epoch  7  train 0.761  val macro-F1 0.611  (4s)  *
  epoch  9  train 0.641  val macro-F1 0.646  (4s)  *
  epoch 10  train 0.613  val macro-F1 0.610  (4s)
  epoch 15  train 0.375  val macro-F1 0.603  (4s)
  epoch 17  train 0.355  val macro-F1 0.678  (4s)  *
  epoch 20  train 0.310  val macro-F1 0.639  (5s)
  epoch 25  train 0.280  val macro-F1 0.600  (4s)
  early stop at epoch 25
  fold 0 test macro-F1 0.632  (200s)

fold 1  train 543  val 244  test 187
  epoch  1  train 1.902  val macro-F1 0.142  (38s)  *
  epoch  2  train 1.572  val macro-F1 0.211  (6s)  *
  epoch  3  train 1.316  val macro-F1 0.455  (5s)  *
  epoch  4  train 1.081  val macro-F1 0.532  (5s)  *
  epoch  5  train 0.945  val macro-F1 0.569  (5s)  *
  epoch 10  train 0.661  val macro-F1 0.566  (4s)
  epoch 12  train 0.611  val macro-F1 0.587  (4s)  *
  epoch 15  train 0.489  val macro-F1 0.621  (4s)  *
  epoch 19  train 0.326  val macro-F1 0.646  (5s)  *
  epoch 20  train 0.332  val macro-F1 0.584  (5s)
  epoch 25  train 0.286  val macro-F1 0.633  (5s)
  early stop at epoch 27
  fold 1 test macro-F1 0.571  (161s)

fold 2  train 538  val 192  test 244
  epoch  1  train 1.769  val macro-F1 0.219  (35s)  *
  epoch  2  train 1.437  val macro-F1 0.362  (5s)  *
  epoch  3  train 1.159  val macro-F1 0.457  (5s)  *
  epoch  4  train 1.097  val macro-F1 0.538  (5s)  *
  epoch  5  train 0.943  val macro-F1 0.615  (4s)  *
  epoch  6  train 0.962  val macro-F1 0.630  (5s)  *
  epoch 10  train 0.715  val macro-F1 0.595  (4s)
  epoch 11  train 0.645  val macro-F1 0.656  (4s)  *
  epoch 15  train 0.449  val macro-F1 0.627  (4s)
  epoch 16  train 0.421  val macro-F1 0.689  (4s)  *
  epoch 20  train 0.342  val macro-F1 0.668  (4s)
  early stop at epoch 24
  fold 2 test macro-F1 0.615  (140s)

fold 3  train 655  val 127  test 192
  epoch  1  train 1.804  val macro-F1 0.331  (40s)  *
  epoch  2  train 1.245  val macro-F1 0.490  (5s)  *
  epoch  3  train 1.133  val macro-F1 0.560  (5s)  *
  epoch  5  train 0.970  val macro-F1 0.572  (5s)  *
  epoch  6  train 0.881  val macro-F1 0.674  (4s)  *
  epoch  8  train 0.730  val macro-F1 0.698  (4s)  *
  epoch  9  train 0.719  val macro-F1 0.702  (5s)  *
  epoch 10  train 0.587  val macro-F1 0.692  (4s)
  epoch 13  train 0.507  val macro-F1 0.731  (5s)  *
  epoch 15  train 0.396  val macro-F1 0.753  (5s)  *
  epoch 20  train 0.307  val macro-F1 0.736  (5s)
  early stop at epoch 23
  fold 3 test macro-F1 0.684  (146s)

fold 4  train 623  val 224  test 127
  epoch  1  train 1.837  val macro-F1 0.243  (33s)  *
  epoch  2  train 1.294  val macro-F1 0.337  (5s)  *
  epoch  3  train 1.176  val macro-F1 0.442  (5s)  *
  epoch  4  train 0.986  val macro-F1 0.584  (5s)  *
  epoch  5  train 0.952  val macro-F1 0.468  (4s)
  epoch 10  train 0.686  val macro-F1 0.658  (5s)  *
  epoch 12  train 0.530  val macro-F1 0.676  (4s)  *
  epoch 15  train 0.410  val macro-F1 0.676  (5s)
  epoch 18  train 0.363  val macro-F1 0.684  (5s)  *
  epoch 19  train 0.343  val macro-F1 0.686  (5s)  *
  epoch 20  train 0.323  val macro-F1 0.654  (5s)
  epoch 21  train 0.304  val macro-F1 0.686  (5s)  *
  epoch 25  train 0.288  val macro-F1 0.698  (5s)  *
  epoch 30  train 0.277  val macro-F1 0.664  (5s)
  early stop at epoch 33
  fold 4 test macro-F1 0.649  (193s)

wrote C:\Users\Rishi Pathak\workspace\Projects\Chakravat-cycldtc\reports\cv\t2_rotate.json  (14.1 min)
