T3 CV  target=adt  aug=reflect  patches=728  storms=86  folds=5
  fold 0: 160 patches, 15 storms
  fold 1: 144 patches, 17 storms
  fold 2: 193 patches, 22 storms
  fold 3: 143 patches, 18 storms
  fold 4: 88 patches, 14 storms

fold 0  train 424  val 144  test 160
  epoch  1  val RMSE  17.38 kt  (70s)  *
  epoch  2  val RMSE  15.62 kt  (4s)  *
  epoch  3  val RMSE  14.35 kt  (4s)  *
  epoch  4  val RMSE  12.26 kt  (4s)  *
  epoch  5  val RMSE  12.83 kt  (4s)
  epoch  6  val RMSE  10.99 kt  (4s)  *
  epoch 10  val RMSE  11.90 kt  (4s)
  epoch 15  val RMSE  13.13 kt  (5s)
  epoch 16  val RMSE  10.78 kt  (4s)  *
  epoch 20  val RMSE  12.58 kt  (3s)
  epoch 25  val RMSE  12.05 kt  (3s)
  early stop at epoch 28
  fold 0 test RMSE raw 16.29  calibrated 17.53  (188s)

fold 1  train 391  val 193  test 144
  epoch  1  val RMSE  13.51 kt  (28s)  *
  epoch  4  val RMSE  12.35 kt  (3s)  *
  epoch  5  val RMSE  12.24 kt  (3s)  *
  epoch  8  val RMSE  12.13 kt  (3s)  *
  epoch 10  val RMSE  13.38 kt  (3s)
  epoch 15  val RMSE  13.02 kt  (4s)
  epoch 20  val RMSE  12.67 kt  (3s)
  early stop at epoch 20
  fold 1 test RMSE raw 12.38  calibrated 13.26  (91s)

fold 2  train 392  val 143  test 193
  epoch  1  val RMSE  12.21 kt  (8s)  *
  epoch  5  val RMSE  13.10 kt  (3s)
  epoch 10  val RMSE  14.84 kt  (3s)
  early stop at epoch 13
  fold 2 test RMSE raw 12.66  calibrated 16.14  (46s)

fold 3  train 497  val 88  test 143
  epoch  1  val RMSE  17.98 kt  (36s)  *
  epoch  2  val RMSE  17.00 kt  (4s)  *
  epoch  3  val RMSE  15.11 kt  (4s)  *
  epoch  5  val RMSE  14.60 kt  (4s)  *
  epoch  6  val RMSE  13.99 kt  (4s)  *
  epoch  7  val RMSE  13.92 kt  (5s)  *
  epoch 10  val RMSE  14.40 kt  (3s)
  epoch 11  val RMSE  13.36 kt  (3s)  *
  epoch 15  val RMSE  13.65 kt  (3s)
  epoch 18  val RMSE  13.31 kt  (3s)  *
  epoch 19  val RMSE  13.04 kt  (3s)  *
  epoch 20  val RMSE  13.35 kt  (3s)
  epoch 21  val RMSE  12.84 kt  (3s)  *
  epoch 25  val RMSE  13.63 kt  (3s)
  epoch 26  val RMSE  12.62 kt  (3s)  *
  epoch 30  val RMSE  13.59 kt  (3s)
  epoch 35  val RMSE  13.15 kt  (3s)
  early stop at epoch 38
  fold 3 test RMSE raw 13.24  calibrated 15.07  (165s)

fold 4  train 480  val 160  test 88
  epoch  1  val RMSE  15.12 kt  (3s)  *
  epoch  2  val RMSE  13.49 kt  (3s)  *
  epoch  5  val RMSE  14.27 kt  (4s)
  epoch 10  val RMSE  14.22 kt  (3s)
  early stop at epoch 14
  fold 4 test RMSE raw 14.87  calibrated 16.84  (52s)

wrote C:\Users\Rishi Pathak\workspace\Projects\Chakravat-cycldtc\reports\cv\t3_adt_reflect.json  (9.1 min)
