T3 CV  target=best_track  aug=rotate  patches=1440  storms=113  folds=5
  fold 0: 305 patches, 21 storms
  fold 1: 296 patches, 21 storms
  fold 2: 355 patches, 29 storms
  fold 3: 286 patches, 23 storms
  fold 4: 198 patches, 19 storms

fold 0  train 839  val 296  test 305
  environment: 10 features, 0.0% of values imputed
  epoch  1  val RMSE  13.04 kt  (68s)  *
  epoch  2  val RMSE  11.56 kt  (7s)  *
  epoch  5  val RMSE  12.48 kt  (6s)
  epoch 10  val RMSE  11.48 kt  (6s)  *
  epoch 11  val RMSE  11.26 kt  (6s)  *
  epoch 13  val RMSE  10.97 kt  (6s)  *
  epoch 15  val RMSE  11.91 kt  (6s)
  epoch 19  val RMSE  10.55 kt  (6s)  *
  epoch 20  val RMSE  11.09 kt  (6s)
  epoch 25  val RMSE  11.21 kt  (6s)
  epoch 30  val RMSE  11.32 kt  (6s)
  early stop at epoch 31
  fold 0 test RMSE raw 16.25  calibrated 16.87  (273s)

fold 1  train 789  val 355  test 296
  environment: 10 features, 0.0% of values imputed
  epoch  1  val RMSE  14.73 kt  (39s)  *
  epoch  3  val RMSE  11.60 kt  (6s)  *
  epoch  5  val RMSE  15.26 kt  (6s)
  epoch  6  val RMSE  11.47 kt  (6s)  *
  epoch 10  val RMSE  12.23 kt  (6s)
  epoch 15  val RMSE  11.95 kt  (6s)
  early stop at epoch 18
  fold 1 test RMSE raw 11.35  calibrated 12.40  (149s)

fold 2  train 799  val 286  test 355
  environment: 10 features, 0.0% of values imputed
  epoch  1  val RMSE  11.04 kt  (38s)  *
  epoch  5  val RMSE  11.87 kt  (6s)
  epoch 10  val RMSE  11.16 kt  (6s)
  epoch 12  val RMSE  10.95 kt  (6s)  *
  epoch 15  val RMSE  11.64 kt  (6s)
  epoch 16  val RMSE  10.57 kt  (6s)  *
  epoch 20  val RMSE  11.41 kt  (6s)
  epoch 24  val RMSE  10.46 kt  (6s)  *
  epoch 25  val RMSE  11.03 kt  (6s)
  epoch 30  val RMSE  10.60 kt  (6s)
  epoch 31  val RMSE  10.33 kt  (6s)  *
  epoch 35  val RMSE  10.56 kt  (6s)
  epoch 40  val RMSE  10.66 kt  (6s)
  early stop at epoch 43
  fold 2 test RMSE raw 10.92  calibrated 12.36  (295s)

fold 3  train 956  val 198  test 286
  environment: 10 features, 0.0% of values imputed
  epoch  1  val RMSE  14.93 kt  (38s)  *
  epoch  2  val RMSE  14.11 kt  (7s)  *
  epoch  5  val RMSE  15.61 kt  (6s)
  epoch 10  val RMSE  14.51 kt  (7s)
  early stop at epoch 14
  fold 3 test RMSE raw 12.02  calibrated 17.13  (129s)

fold 4  train 937  val 305  test 198
  environment: 10 features, 0.0% of values imputed
  epoch  1  val RMSE  18.36 kt  (35s)  *
  epoch  2  val RMSE  16.67 kt  (7s)  *
  epoch  3  val RMSE  16.11 kt  (7s)  *
  epoch  5  val RMSE  19.55 kt  (7s)
  epoch  7  val RMSE  15.03 kt  (7s)  *
  epoch 10  val RMSE  17.46 kt  (7s)
  epoch 15  val RMSE  18.86 kt  (7s)
  early stop at epoch 19
  fold 4 test RMSE raw 15.21  calibrated 19.72  (165s)

wrote C:\Users\Rishi Pathak\workspace\Projects\Chakravat-cycldtc\reports\cv\t3_best_track_rotate_joint_env.json  (16.9 min)
