T3 CV  target=best_track  aug=reflect  patches=943  storms=113  folds=5
  fold 0: 209 patches, 21 storms
  fold 1: 184 patches, 21 storms
  fold 2: 236 patches, 29 storms
  fold 3: 188 patches, 23 storms
  fold 4: 126 patches, 19 storms

fold 0  train 550  val 184  test 209
  epoch  1  val RMSE  14.52 kt  (64s)  *
  epoch  2  val RMSE  11.51 kt  (5s)  *
  epoch  5  val RMSE  11.80 kt  (4s)
  epoch  6  val RMSE  10.75 kt  (4s)  *
  epoch 10  val RMSE  10.46 kt  (4s)  *
  epoch 15  val RMSE  11.05 kt  (4s)
  epoch 18  val RMSE  10.10 kt  (4s)  *
  epoch 20  val RMSE  11.65 kt  (4s)
  epoch 25  val RMSE  10.99 kt  (4s)
  epoch 30  val RMSE  10.49 kt  (4s)
  early stop at epoch 30
  fold 0 test RMSE raw 16.89  calibrated 17.72  (201s)

fold 1  train 523  val 236  test 184
  epoch  1  val RMSE  12.90 kt  (37s)  *
  epoch  2  val RMSE  12.13 kt  (4s)  *
  epoch  4  val RMSE  11.91 kt  (4s)  *
  epoch  5  val RMSE  12.79 kt  (4s)
  epoch  7  val RMSE  11.40 kt  (4s)  *
  epoch 10  val RMSE  12.76 kt  (4s)
  epoch 15  val RMSE  11.82 kt  (4s)
  early stop at epoch 19
  fold 1 test RMSE raw 11.62  calibrated 15.23  (114s)

fold 2  train 519  val 188  test 236
  epoch  1  val RMSE  19.39 kt  (31s)  *
  epoch  2  val RMSE  14.06 kt  (4s)  *
  epoch  4  val RMSE  11.51 kt  (4s)  *
  epoch  5  val RMSE  11.48 kt  (4s)  *
  epoch 10  val RMSE  13.07 kt  (4s)
  epoch 13  val RMSE  11.46 kt  (4s)  *
  epoch 15  val RMSE  12.71 kt  (4s)
  epoch 17  val RMSE  11.00 kt  (4s)  *
  epoch 20  val RMSE  12.02 kt  (4s)
  epoch 25  val RMSE  11.47 kt  (4s)
  early stop at epoch 29
  fold 2 test RMSE raw 12.34  calibrated 11.92  (150s)

fold 3  train 629  val 126  test 188
  epoch  1  val RMSE  15.76 kt  (36s)  *
  epoch  4  val RMSE  14.54 kt  (5s)  *
  epoch  5  val RMSE  14.55 kt  (5s)
  epoch  6  val RMSE  14.11 kt  (4s)  *
  epoch 10  val RMSE  16.22 kt  (5s)
  epoch 15  val RMSE  14.31 kt  (5s)
  early stop at epoch 18
  fold 3 test RMSE raw 10.78  calibrated 14.52  (123s)

fold 4  train 608  val 209  test 126
  epoch  1  val RMSE  17.28 kt  (5s)  *
  epoch  2  val RMSE  15.66 kt  (5s)  *
  epoch  5  val RMSE  19.04 kt  (4s)
  epoch 10  val RMSE  16.46 kt  (4s)
  epoch 13  val RMSE  15.41 kt  (4s)  *
  epoch 15  val RMSE  16.21 kt  (4s)
  epoch 20  val RMSE  17.59 kt  (4s)
  epoch 25  val RMSE  18.19 kt  (5s)
  early stop at epoch 25
  fold 4 test RMSE raw 14.55  calibrated 20.26  (118s)

wrote C:\Users\Rishi Pathak\workspace\Projects\Chakravat-cycldtc\reports\cv\t3_best_track_reflect.json  (11.9 min)
